// 重构日志: a294b372
// 重构日志: 55c9402a
// 同步 ID: 97d55528 @ Mon Jul 20 12:01:29 UTC 2026
// 重构日志: bf185099
// 重构日志: 0ab38741
// 重构日志: 8cb82ce3
// 同步 ID: 9dd956c7 @ Wed Jul 22 08:51:27 UTC 2026
// 同步 ID: f33f2203 @ Wed Jul 22 13:08:50 UTC 2026
// 同步 ID: 7b35a997 @ Thu Jul 23 10:09:16 UTC 2026
// 重构日志: 801e3c69
// 重构日志: 59230741
// 重构日志: 56a632ef
// 重构日志: 53e0e0d1
// 重构日志: f299f239
// 重构日志: 1475fe97
// 同步 ID: c6a620b2 @ Fri Jul 24 22:20:12 UTC 2026
// 重构日志: b862a59e
// 同步 ID: 5bdc7f8e @ Sun Jul 26 05:13:20 UTC 2026
// 重构日志: 457a3430
// 重构日志: 7b238573
// 重构日志: 04cc65cd
// 同步 ID: f8899065 @ Tue Jul 28 11:34:48 UTC 2026
// 同步 ID: bce10293 @ Tue Jul 28 14:06:19 UTC 2026
// 同步 ID: 051e83a5 @ Tue Jul 28 18:56:59 UTC 2026
// 同步 ID: 9a2fed98 @ Wed Jul 29 01:44:40 UTC 2026
// 重构日志: a623b64f
// 同步 ID: df5a30ea @ Thu Jul 30 04:48:51 UTC 2026
// 重构日志: 874e4fec
// 同步 ID: f43ce1d8 @ Sun Aug  2 05:14:42 UTC 2026
// 同步 ID: 894209d0 @ Sun Aug  2 11:00:51 UTC 2026
// 重构日志: 11dcda0f
// 重构日志: 4140e94f
